Archive member included to satisfy reference by file (symbol)

/opt/amiga/lib/gcc/m68k-amigaos/13.2.0/../../../../m68k-amigaos/lib/libm020/libc.a(lib_a-assert.o)
                              /tmp/ccBrHySb.o (__assert_func)
/opt/amiga/lib/gcc/m68k-amigaos/13.2.0/../../../../m68k-amigaos/lib/libm020/libc.a(lib_a-fiprintf.o)
                              /opt/amiga/lib/gcc/m68k-amigaos/13.2.0/../../../../m68k-amigaos/lib/libm020/libc.a(lib_a-assert.o) (fiprintf)
/opt/amiga/lib/gcc/m68k-amigaos/13.2.0/../../../../m68k-amigaos/lib/libm020/libc.a(lib_a-impure.o)
                              /opt/amiga/lib/gcc/m68k-amigaos/13.2.0/../../../../m68k-amigaos/lib/libm020/libc.a(lib_a-assert.o) (_impure_ptr)
/opt/amiga/lib/gcc/m68k-amigaos/13.2.0/../../../../m68k-amigaos/lib/libm020/libc.a(lib_a-memset.o)
                              /tmp/ccgRmvsI.o (memset)
/opt/amiga/lib/gcc/m68k-amigaos/13.2.0/../../../../m68k-amigaos/lib/libm020/libc.a(lib_a-printf.o)
                              /tmp/ccNlI1yb.o (printf)
/opt/amiga/lib/gcc/m68k-amigaos/13.2.0/../../../../m68k-amigaos/lib/libm020/libc.a(lib_a-vfiprintf.o)
                              /opt/amiga/lib/gcc/m68k-amigaos/13.2.0/../../../../m68k-amigaos/lib/libm020/libc.a(lib_a-fiprintf.o) (_vfiprintf_r)
/opt/amiga/lib/gcc/m68k-amigaos/13.2.0/../../../../m68k-amigaos/lib/libm020/libc.a(lib_a-vfprintf.o)
                              /opt/amiga/lib/gcc/m68k-amigaos/13.2.0/../../../../m68k-amigaos/lib/libm020/libc.a(lib_a-printf.o) (_vfprintf_r)
/opt/amiga/lib/gcc/m68k-amigaos/13.2.0/../../../../m68k-amigaos/lib/libm020/libc.a(lib_a-wcrtomb.o)
                              /opt/amiga/lib/gcc/m68k-amigaos/13.2.0/../../../../m68k-amigaos/lib/libm020/libc.a(lib_a-vfiprintf.o) (_wcrtomb_r)
/opt/amiga/lib/gcc/m68k-amigaos/13.2.0/../../../../m68k-amigaos/lib/libm020/libc.a(lib_a-wcsrtombs.o)
                              /opt/amiga/lib/gcc/m68k-amigaos/13.2.0/../../../../m68k-amigaos/lib/libm020/libc.a(lib_a-vfiprintf.o) (_wcsrtombs_r)
/opt/amiga/lib/gcc/m68k-amigaos/13.2.0/../../../../m68k-amigaos/lib/libm020/libc.a(lib_a-wsetup.o)
                              /opt/amiga/lib/gcc/m68k-amigaos/13.2.0/../../../../m68k-amigaos/lib/libm020/libc.a(lib_a-vfiprintf.o) (__swsetup_r)
/opt/amiga/lib/gcc/m68k-amigaos/13.2.0/../../../../m68k-amigaos/lib/libm020/libc.a(malloc.o)
                              /opt/amiga/lib/gcc/m68k-amigaos/13.2.0/../../../../m68k-amigaos/lib/libm020/libc.a(lib_a-vfiprintf.o) (_malloc_r)
/opt/amiga/lib/gcc/m68k-amigaos/13.2.0/../../../../m68k-amigaos/lib/libm020/libc.a(lib_a-__cmpxf2.o)
                              /opt/amiga/lib/gcc/m68k-amigaos/13.2.0/../../../../m68k-amigaos/lib/libm020/libc.a(lib_a-vfprintf.o) (__truncxfdf2)
/opt/amiga/lib/gcc/m68k-amigaos/13.2.0/../../../../m68k-amigaos/lib/libm020/libc.a(lib_a-__eqdf2.o)
                              /opt/amiga/lib/gcc/m68k-amigaos/13.2.0/../../../../m68k-amigaos/lib/libm020/libc.a(lib_a-vfprintf.o) (__eqdf2)
/opt/amiga/lib/gcc/m68k-amigaos/13.2.0/../../../../m68k-amigaos/lib/libm020/libc.a(lib_a-__fixdfsi.o)
                              /opt/amiga/lib/gcc/m68k-amigaos/13.2.0/../../../../m68k-amigaos/lib/libm020/libc.a(lib_a-vfprintf.o) (__fixdfsi)
/opt/amiga/lib/gcc/m68k-amigaos/13.2.0/../../../../m68k-amigaos/lib/libm020/libc.a(lib_a-__floatsidf.o)
                              /opt/amiga/lib/gcc/m68k-amigaos/13.2.0/../../../../m68k-amigaos/lib/libm020/libc.a(lib_a-vfprintf.o) (__floatsidf)
/opt/amiga/lib/gcc/m68k-amigaos/13.2.0/../../../../m68k-amigaos/lib/libm020/libc.a(lib_a-__mathieeedoubbas.o)
                              /opt/amiga/lib/gcc/m68k-amigaos/13.2.0/../../../../m68k-amigaos/lib/libm020/libc.a(lib_a-__eqdf2.o) (MathIeeeDoubBasBase)
/opt/amiga/lib/gcc/m68k-amigaos/13.2.0/../../../../m68k-amigaos/lib/libm020/libc.a(lib_a-__muldf3.o)
                              /opt/amiga/lib/gcc/m68k-amigaos/13.2.0/../../../../m68k-amigaos/lib/libm020/libc.a(lib_a-vfprintf.o) (__muldf3)
/opt/amiga/lib/gcc/m68k-amigaos/13.2.0/../../../../m68k-amigaos/lib/libm020/libc.a(lib_a-__subdf3.o)
                              /opt/amiga/lib/gcc/m68k-amigaos/13.2.0/../../../../m68k-amigaos/lib/libm020/libc.a(lib_a-vfprintf.o) (__subdf3)
/opt/amiga/lib/gcc/m68k-amigaos/13.2.0/../../../../m68k-amigaos/lib/libm020/libc.a(lib_a-__unorddf2.o)
                              /opt/amiga/lib/gcc/m68k-amigaos/13.2.0/../../../../m68k-amigaos/lib/libm020/libc.a(lib_a-vfprintf.o) (__unorddf2)
/opt/amiga/lib/gcc/m68k-amigaos/13.2.0/../../../../m68k-amigaos/lib/libm020/libc.a(lib_a-abort.o)
                              /opt/amiga/lib/gcc/m68k-amigaos/13.2.0/../../../../m68k-amigaos/lib/libm020/libc.a(lib_a-assert.o) (abort)
/opt/amiga/lib/gcc/m68k-amigaos/13.2.0/../../../../m68k-amigaos/lib/libm020/libc.a(lib_a-dtoa.o)
                              /opt/amiga/lib/gcc/m68k-amigaos/13.2.0/../../../../m68k-amigaos/lib/libm020/libc.a(lib_a-vfprintf.o) (_dtoa_r)
/opt/amiga/lib/gcc/m68k-amigaos/13.2.0/../../../../m68k-amigaos/lib/libm020/libc.a(lib_a-fflush.o)
                              /opt/amiga/lib/gcc/m68k-amigaos/13.2.0/../../../../m68k-amigaos/lib/libm020/libc.a(lib_a-vfiprintf.o) (_fflush_r)
/opt/amiga/lib/gcc/m68k-amigaos/13.2.0/../../../../m68k-amigaos/lib/libm020/libc.a(lib_a-findfp.o)
                              /opt/amiga/lib/gcc/m68k-amigaos/13.2.0/../../../../m68k-amigaos/lib/libm020/libc.a(lib_a-printf.o) (__sinit)
/opt/amiga/lib/gcc/m68k-amigaos/13.2.0/../../../../m68k-amigaos/lib/libm020/libc.a(lib_a-fputs.o)
                              /opt/amiga/lib/gcc/m68k-amigaos/13.2.0/../../../../m68k-amigaos/lib/libm020/libc.a(lib_a-abort.o) (fputs)
/opt/amiga/lib/gcc/m68k-amigaos/13.2.0/../../../../m68k-amigaos/lib/libm020/libc.a(lib_a-fputwc.o)
                              /opt/amiga/lib/gcc/m68k-amigaos/13.2.0/../../../../m68k-amigaos/lib/libm020/libc.a(lib_a-vfiprintf.o) (_fputwc_r)
/opt/amiga/lib/gcc/m68k-amigaos/13.2.0/../../../../m68k-amigaos/lib/libm020/libc.a(lib_a-fvwrite.o)
                              /opt/amiga/lib/gcc/m68k-amigaos/13.2.0/../../../../m68k-amigaos/lib/libm020/libc.a(lib_a-vfiprintf.o) (__sfvwrite_r)
/opt/amiga/lib/gcc/m68k-amigaos/13.2.0/../../../../m68k-amigaos/lib/libm020/libc.a(lib_a-fwalk.o)
                              /opt/amiga/lib/gcc/m68k-amigaos/13.2.0/../../../../m68k-amigaos/lib/libm020/libc.a(lib_a-findfp.o) (_fwalk)
/opt/amiga/lib/gcc/m68k-amigaos/13.2.0/../../../../m68k-amigaos/lib/libm020/libc.a(lib_a-locale.o)
                              /opt/amiga/lib/gcc/m68k-amigaos/13.2.0/../../../../m68k-amigaos/lib/libm020/libc.a(lib_a-vfiprintf.o) (__locale_mb_cur_max)
/opt/amiga/lib/gcc/m68k-amigaos/13.2.0/../../../../m68k-amigaos/lib/libm020/libc.a(lib_a-localeconv.o)
                              /opt/amiga/lib/gcc/m68k-amigaos/13.2.0/../../../../m68k-amigaos/lib/libm020/libc.a(lib_a-vfiprintf.o) (_localeconv_r)
/opt/amiga/lib/gcc/m68k-amigaos/13.2.0/../../../../m68k-amigaos/lib/libm020/libc.a(lib_a-makebuf.o)
                              /opt/amiga/lib/gcc/m68k-amigaos/13.2.0/../../../../m68k-amigaos/lib/libm020/libc.a(lib_a-wsetup.o) (__smakebuf_r)
/opt/amiga/lib/gcc/m68k-amigaos/13.2.0/../../../../m68k-amigaos/lib/libm020/libc.a(lib_a-malignr.o)
                              /opt/amiga/lib/gcc/m68k-amigaos/13.2.0/../../../../m68k-amigaos/lib/libm020/libc.a(lib_a-fvwrite.o) (_realloc_r)
/opt/amiga/lib/gcc/m68k-amigaos/13.2.0/../../../../m68k-amigaos/lib/libm020/libc.a(lib_a-mbtowc_r.o)
                              /opt/amiga/lib/gcc/m68k-amigaos/13.2.0/../../../../m68k-amigaos/lib/libm020/libc.a(lib_a-locale.o) (__ascii_mbtowc)
/opt/amiga/lib/gcc/m68k-amigaos/13.2.0/../../../../m68k-amigaos/lib/libm020/libc.a(lib_a-memchr.o)
                              /opt/amiga/lib/gcc/m68k-amigaos/13.2.0/../../../../m68k-amigaos/lib/libm020/libc.a(lib_a-vfiprintf.o) (memchr)
/opt/amiga/lib/gcc/m68k-amigaos/13.2.0/../../../../m68k-amigaos/lib/libm020/libc.a(lib_a-memcpy.o)
                              /opt/amiga/lib/gcc/m68k-amigaos/13.2.0/../../../../m68k-amigaos/lib/libm020/libc.a(lib_a-dtoa.o) (memcpy)
/opt/amiga/lib/gcc/m68k-amigaos/13.2.0/../../../../m68k-amigaos/lib/libm020/libc.a(lib_a-memmove.o)
                              /opt/amiga/lib/gcc/m68k-amigaos/13.2.0/../../../../m68k-amigaos/lib/libm020/libc.a(lib_a-fvwrite.o) (memmove)
/opt/amiga/lib/gcc/m68k-amigaos/13.2.0/../../../../m68k-amigaos/lib/libm020/libc.a(lib_a-mprec.o)
                              /opt/amiga/lib/gcc/m68k-amigaos/13.2.0/../../../../m68k-amigaos/lib/libm020/libc.a(lib_a-dtoa.o) (_Balloc)
/opt/amiga/lib/gcc/m68k-amigaos/13.2.0/../../../../m68k-amigaos/lib/libm020/libc.a(lib_a-raise.o)
                              /opt/amiga/lib/gcc/m68k-amigaos/13.2.0/../../../../m68k-amigaos/lib/libm020/libc.a(lib_a-abort.o) (raise)
/opt/amiga/lib/gcc/m68k-amigaos/13.2.0/../../../../m68k-amigaos/lib/libm020/libc.a(lib_a-s_frexp.o)
                              /opt/amiga/lib/gcc/m68k-amigaos/13.2.0/../../../../m68k-amigaos/lib/libm020/libc.a(lib_a-vfprintf.o) (frexp)
/opt/amiga/lib/gcc/m68k-amigaos/13.2.0/../../../../m68k-amigaos/lib/libm020/libc.a(lib_a-signalr.o)
                              /opt/amiga/lib/gcc/m68k-amigaos/13.2.0/../../../../m68k-amigaos/lib/libm020/libc.a(lib_a-raise.o) (_kill_r)
/opt/amiga/lib/gcc/m68k-amigaos/13.2.0/../../../../m68k-amigaos/lib/libm020/libc.a(lib_a-stdio.o)
                              /opt/amiga/lib/gcc/m68k-amigaos/13.2.0/../../../../m68k-amigaos/lib/libm020/libc.a(lib_a-findfp.o) (__sread)
/opt/amiga/lib/gcc/m68k-amigaos/13.2.0/../../../../m68k-amigaos/lib/libm020/libc.a(lib_a-strcasecmp.o)
                              /opt/amiga/lib/gcc/m68k-amigaos/13.2.0/../../../../m68k-amigaos/lib/libm020/libc.a(lib_a-locale.o) (strcasecmp)
/opt/amiga/lib/gcc/m68k-amigaos/13.2.0/../../../../m68k-amigaos/lib/libm020/libc.a(lib_a-strcat.o)
                              /opt/amiga/lib/gcc/m68k-amigaos/13.2.0/../../../../m68k-amigaos/lib/libm020/libc.a(lib_a-locale.o) (strcat)
/opt/amiga/lib/gcc/m68k-amigaos/13.2.0/../../../../m68k-amigaos/lib/libm020/libc.a(lib_a-strchr.o)
                              /opt/amiga/lib/gcc/m68k-amigaos/13.2.0/../../../../m68k-amigaos/lib/libm020/libc.a(lib_a-locale.o) (strchr)
/opt/amiga/lib/gcc/m68k-amigaos/13.2.0/../../../../m68k-amigaos/lib/libm020/libc.a(lib_a-strcmp.o)
                              /opt/amiga/lib/gcc/m68k-amigaos/13.2.0/../../../../m68k-amigaos/lib/libm020/libc.a(lib_a-locale.o) (strcmp)
/opt/amiga/lib/gcc/m68k-amigaos/13.2.0/../../../../m68k-amigaos/lib/libm020/libc.a(lib_a-strcpy.o)
                              /opt/amiga/lib/gcc/m68k-amigaos/13.2.0/../../../../m68k-amigaos/lib/libm020/libc.a(lib_a-locale.o) (strcpy)
/opt/amiga/lib/gcc/m68k-amigaos/13.2.0/../../../../m68k-amigaos/lib/libm020/libc.a(lib_a-strlcpy.o)
                              /opt/amiga/lib/gcc/m68k-amigaos/13.2.0/../../../../m68k-amigaos/lib/libm020/libc.a(lib_a-locale.o) (strlcpy)
/opt/amiga/lib/gcc/m68k-amigaos/13.2.0/../../../../m68k-amigaos/lib/libm020/libc.a(lib_a-strlen.o)
                              /opt/amiga/lib/gcc/m68k-amigaos/13.2.0/../../../../m68k-amigaos/lib/libm020/libc.a(lib_a-vfiprintf.o) (strlen)
/opt/amiga/lib/gcc/m68k-amigaos/13.2.0/../../../../m68k-amigaos/lib/libm020/libc.a(lib_a-strncasecmp.o)
                              /opt/amiga/lib/gcc/m68k-amigaos/13.2.0/../../../../m68k-amigaos/lib/libm020/libc.a(lib_a-locale.o) (strncasecmp)
/opt/amiga/lib/gcc/m68k-amigaos/13.2.0/../../../../m68k-amigaos/lib/libm020/libc.a(lib_a-strncmp.o)
                              /opt/amiga/lib/gcc/m68k-amigaos/13.2.0/../../../../m68k-amigaos/lib/libm020/libc.a(lib_a-locale.o) (strncmp)
/opt/amiga/lib/gcc/m68k-amigaos/13.2.0/../../../../m68k-amigaos/lib/libm020/libc.a(lib_a-strncpy.o)
                              /opt/amiga/lib/gcc/m68k-amigaos/13.2.0/../../../../m68k-amigaos/lib/libm020/libc.a(lib_a-vfiprintf.o) (strncpy)
/opt/amiga/lib/gcc/m68k-amigaos/13.2.0/../../../../m68k-amigaos/lib/libm020/libc.a(lib_a-strtol.o)
                              /opt/amiga/lib/gcc/m68k-amigaos/13.2.0/../../../../m68k-amigaos/lib/libm020/libc.a(lib_a-locale.o) (strtol)
/opt/amiga/lib/gcc/m68k-amigaos/13.2.0/../../../../m68k-amigaos/lib/libm020/libc.a(lib_a-wbuf.o)
                              /opt/amiga/lib/gcc/m68k-amigaos/13.2.0/../../../../m68k-amigaos/lib/libm020/libc.a(lib_a-fputwc.o) (__swbuf_r)
/opt/amiga/lib/gcc/m68k-amigaos/13.2.0/../../../../m68k-amigaos/lib/libm020/libc.a(lib_a-wcsnrtombs.o)
                              /opt/amiga/lib/gcc/m68k-amigaos/13.2.0/../../../../m68k-amigaos/lib/libm020/libc.a(lib_a-wcsrtombs.o) (_wcsnrtombs_r)
/opt/amiga/lib/gcc/m68k-amigaos/13.2.0/../../../../m68k-amigaos/lib/libm020/libc.a(lib_a-wctomb_r.o)
                              /opt/amiga/lib/gcc/m68k-amigaos/13.2.0/../../../../m68k-amigaos/lib/libm020/libc.a(lib_a-locale.o) (__ascii_wctomb)
/opt/amiga/lib/gcc/m68k-amigaos/13.2.0/../../../../m68k-amigaos/lib/libm020/libc.a(lib_a-writer.o)
                              /opt/amiga/lib/gcc/m68k-amigaos/13.2.0/../../../../m68k-amigaos/lib/libm020/libc.a(lib_a-stdio.o) (_write_r)
/opt/amiga/lib/gcc/m68k-amigaos/13.2.0/../../../../m68k-amigaos/lib/libm020/libc.a(lib_a-__adddf3.o)
                              /opt/amiga/lib/gcc/m68k-amigaos/13.2.0/../../../../m68k-amigaos/lib/libm020/libc.a(lib_a-dtoa.o) (__adddf3)
/opt/amiga/lib/gcc/m68k-amigaos/13.2.0/../../../../m68k-amigaos/lib/libm020/libc.a(lib_a-__divdf3.o)
                              /opt/amiga/lib/gcc/m68k-amigaos/13.2.0/../../../../m68k-amigaos/lib/libm020/libc.a(lib_a-dtoa.o) (__divdf3)
/opt/amiga/lib/gcc/m68k-amigaos/13.2.0/../../../../m68k-amigaos/lib/libm020/libc.a(lib_a-__floatunsidf.o)
                              /opt/amiga/lib/gcc/m68k-amigaos/13.2.0/../../../../m68k-amigaos/lib/libm020/libc.a(lib_a-dtoa.o) (__floatunsidf)
/opt/amiga/lib/gcc/m68k-amigaos/13.2.0/../../../../m68k-amigaos/lib/libm020/libc.a(lib_a-closer.o)
                              /opt/amiga/lib/gcc/m68k-amigaos/13.2.0/../../../../m68k-amigaos/lib/libm020/libc.a(lib_a-stdio.o) (_close_r)
/opt/amiga/lib/gcc/m68k-amigaos/13.2.0/../../../../m68k-amigaos/lib/libm020/libc.a(lib_a-ctype_.o)
                              /opt/amiga/lib/gcc/m68k-amigaos/13.2.0/../../../../m68k-amigaos/lib/libm020/libc.a(lib_a-locale.o) (__set_ctype)
/opt/amiga/lib/gcc/m68k-amigaos/13.2.0/../../../../m68k-amigaos/lib/libm020/libc.a(lib_a-dummy.o)
                              /opt/amiga/lib/gcc/m68k-amigaos/13.2.0/../../../../m68k-amigaos/lib/libm020/libc.a(lib_a-signalr.o) (_kill)
/opt/amiga/lib/gcc/m68k-amigaos/13.2.0/../../../../m68k-amigaos/lib/libm020/libc.a(lib_a-fclose.o)
                              /opt/amiga/lib/gcc/m68k-amigaos/13.2.0/../../../../m68k-amigaos/lib/libm020/libc.a(lib_a-findfp.o) (_fclose_r)
/opt/amiga/lib/gcc/m68k-amigaos/13.2.0/../../../../m68k-amigaos/lib/libm020/libc.a(lib_a-fstatr.o)
                              /opt/amiga/lib/gcc/m68k-amigaos/13.2.0/../../../../m68k-amigaos/lib/libm020/libc.a(lib_a-makebuf.o) (_fstat_r)
/opt/amiga/lib/gcc/m68k-amigaos/13.2.0/../../../../m68k-amigaos/lib/libm020/libc.a(lib_a-getenv_r.o)
                              /opt/amiga/lib/gcc/m68k-amigaos/13.2.0/../../../../m68k-amigaos/lib/libm020/libc.a(lib_a-locale.o) (_getenv_r)
/opt/amiga/lib/gcc/m68k-amigaos/13.2.0/../../../../m68k-amigaos/lib/libm020/libc.a(lib_a-isattyr.o)
                              /opt/amiga/lib/gcc/m68k-amigaos/13.2.0/../../../../m68k-amigaos/lib/libm020/libc.a(lib_a-makebuf.o) (_isatty_r)
/opt/amiga/lib/gcc/m68k-amigaos/13.2.0/../../../../m68k-amigaos/lib/libm020/libc.a(lib_a-lseekr.o)
                              /opt/amiga/lib/gcc/m68k-amigaos/13.2.0/../../../../m68k-amigaos/lib/libm020/libc.a(lib_a-stdio.o) (_lseek_r)
/opt/amiga/lib/gcc/m68k-amigaos/13.2.0/../../../../m68k-amigaos/lib/libm020/libc.a(lib_a-open.o)
                              /opt/amiga/lib/gcc/m68k-amigaos/13.2.0/../../../../m68k-amigaos/lib/libm020/libc.a(lib_a-closer.o) (_close)
/opt/amiga/lib/gcc/m68k-amigaos/13.2.0/../../../../m68k-amigaos/lib/libm020/libc.a(lib_a-readr.o)
                              /opt/amiga/lib/gcc/m68k-amigaos/13.2.0/../../../../m68k-amigaos/lib/libm020/libc.a(lib_a-stdio.o) (_read_r)
/opt/amiga/lib/gcc/m68k-amigaos/13.2.0/../../../../m68k-amigaos/lib/libm020/libc.a(lib_a-reent.o)
                              /opt/amiga/lib/gcc/m68k-amigaos/13.2.0/../../../../m68k-amigaos/lib/libm020/libc.a(lib_a-signalr.o) (errno)
/opt/amiga/lib/gcc/m68k-amigaos/13.2.0/../../../../m68k-amigaos/lib/libm020/libc.a(lib_a-__dosbase.o)
                              /opt/amiga/lib/gcc/m68k-amigaos/13.2.0/../../../../m68k-amigaos/lib/libm020/libc.a(lib_a-dummy.o) (DOSBase)
/opt/amiga/lib/gcc/m68k-amigaos/13.2.0/../../../../m68k-amigaos/lib/libm020/libc.a(lib_a-environ.o)
                              /opt/amiga/lib/gcc/m68k-amigaos/13.2.0/../../../../m68k-amigaos/lib/libm020/libc.a(lib_a-getenv_r.o) (environ)
/opt/amiga/lib/gcc/m68k-amigaos/13.2.0/../../../../m68k-amigaos/lib/libm020/libc.a(lib_a-envlock.o)
                              /opt/amiga/lib/gcc/m68k-amigaos/13.2.0/../../../../m68k-amigaos/lib/libm020/libc.a(lib_a-getenv_r.o) (__env_lock)
/opt/amiga/lib/gcc/m68k-amigaos/13.2.0/libm020/libgcc.a(_ashldi3.o)
                              /tmp/ccBrHySb.o (__ashldi3)

Memory Configuration

Name             Origin             Length             Attributes
*default*        0x0000000000000000 0xffffffffffffffff

Linker script and memory map

LOAD /tmp/ccNrRBYl.o
LOAD /tmp/ccgRmvsI.o
LOAD /tmp/ccNlI1yb.o
LOAD /tmp/ccBrHySb.o
START GROUP
LOAD /opt/amiga/lib/gcc/m68k-amigaos/13.2.0/../../../../m68k-amigaos/lib/libm020/libc.a
LOAD /opt/amiga/lib/gcc/m68k-amigaos/13.2.0/../../../../m68k-amigaos/lib/libstubs.a
LOAD /opt/amiga/lib/gcc/m68k-amigaos/13.2.0/../../../../m68k-amigaos/lib/libamiga.a
LOAD /opt/amiga/lib/gcc/m68k-amigaos/13.2.0/libm020/libgcc.a
END GROUP
                [!provide]                        PROVIDE (___machtype = 0x0)
                0x0000000000000000                . = 0x0

.text           0x0000000000000000    0x12528
                0x0000000000000000                __stext = .
 *(.text)
 .text          0x0000000000000000       0x10 /tmp/ccNrRBYl.o
                0x0000000000000000                DecoderModuleEntry
 .text          0x0000000000000010      0x264 /tmp/ccgRmvsI.o
                0x0000000000000010                FlacModuleMalloc
                0x000000000000004a                FlacModuleCalloc
                0x00000000000000a0                FlacModuleRealloc
                0x0000000000000198                FlacModuleFree
                0x00000000000001ba                FlacModuleExit
                0x00000000000001bc                malloc
                0x00000000000001f6                calloc
                0x000000000000024c                realloc
                0x0000000000000250                free
                0x0000000000000272                exit
 .text          0x0000000000000274      0x85c /tmp/ccNlI1yb.o
 .text          0x0000000000000ad0     0x5268 /tmp/ccBrHySb.o
                0x0000000000000bdc                fx_flac_size
                0x0000000000000c28                fx_flac_reset
                0x0000000000000d34                fx_flac_init
                0x0000000000000e00                fx_flac_get_state
                0x0000000000000e12                fx_flac_get_streaminfo
                0x0000000000000f0c                fx_flac_process
 .text          0x0000000000005d38       0xb8 /opt/amiga/lib/gcc/m68k-amigaos/13.2.0/../../../../m68k-amigaos/lib/libm020/libc.a(lib_a-assert.o)
                0x0000000000005d76                __assert_func
                0x0000000000005dde                __assert
 .text          0x0000000000005df0       0x48 /opt/amiga/lib/gcc/m68k-amigaos/13.2.0/../../../../m68k-amigaos/lib/libm020/libc.a(lib_a-fiprintf.o)
                0x0000000000005df0                _fiprintf_r
                0x0000000000005e12                fiprintf
 .text          0x0000000000005e38        0x4 /opt/amiga/lib/gcc/m68k-amigaos/13.2.0/../../../../m68k-amigaos/lib/libm020/libc.a(lib_a-impure.o)
                0x0000000000005e38                _global_impure_ptr
 .text          0x0000000000005e3c       0x74 /opt/amiga/lib/gcc/m68k-amigaos/13.2.0/../../../../m68k-amigaos/lib/libm020/libc.a(lib_a-memset.o)
                0x0000000000005e3c                memset
 .text          0x0000000000005eb0       0xc0 /opt/amiga/lib/gcc/m68k-amigaos/13.2.0/../../../../m68k-amigaos/lib/libm020/libc.a(lib_a-printf.o)
                0x0000000000005eb0                _printf_r
                0x0000000000005f0e                printf
 .text          0x0000000000005f70     0x1ab0 /opt/amiga/lib/gcc/m68k-amigaos/13.2.0/../../../../m68k-amigaos/lib/libm020/libc.a(lib_a-vfiprintf.o)
                0x000000000000600c                __sprint_r
                0x0000000000006060                _vfiprintf_r
                0x0000000000007942                vfiprintf
 .text          0x0000000000007a20     0x2e64 /opt/amiga/lib/gcc/m68k-amigaos/13.2.0/../../../../m68k-amigaos/lib/libm020/libc.a(lib_a-vfprintf.o)
                0x0000000000007a5c                _vfprintf_r
                0x000000000000a7a6                vfprintf
 .text          0x000000000000a884      0x26c /opt/amiga/lib/gcc/m68k-amigaos/13.2.0/../../../../m68k-amigaos/lib/libm020/libc.a(lib_a-wcrtomb.o)
                0x000000000000a884                _wcrtomb_r
                0x000000000000a9ba                wcrtomb
 .text          0x000000000000aaf0       0x4c /opt/amiga/lib/gcc/m68k-amigaos/13.2.0/../../../../m68k-amigaos/lib/libm020/libc.a(lib_a-wcsrtombs.o)
                0x000000000000aaf0                _wcsrtombs_r
                0x000000000000ab14                wcsrtombs
 .text          0x000000000000ab3c      0x168 /opt/amiga/lib/gcc/m68k-amigaos/13.2.0/../../../../m68k-amigaos/lib/libm020/libc.a(lib_a-wsetup.o)
                0x000000000000ab3c                __swsetup_r
 .text          0x000000000000aca4      0x960 /opt/amiga/lib/gcc/m68k-amigaos/13.2.0/../../../../m68k-amigaos/lib/libm020/libc.a(malloc.o)
                0x000000000000aca4                Tree::Leaf::next()
                0x000000000000acdc                Tree::Leaf::prev()
                0x000000000000ad14                Tree::drr(Tree::Leaf*, Tree::Leaf*)
                0x000000000000ad86                Tree::rr(Tree::Leaf*, Tree::Leaf*)
                0x000000000000add2                Tree::drl(Tree::Leaf*, Tree::Leaf*)
                0x000000000000ae44                Tree::rl(Tree::Leaf*, Tree::Leaf*)
                0x000000000000ae92                Tree::fixAdd(Tree::Leaf*)
                0x000000000000af7e                Tree::fixRemove(Tree::Leaf*)
                0x000000000000b092                __sys_free(char*)
                0x000000000000b0aa                __sys_alloc(unsigned int)
                0x000000000000b0d8                RawMem::alloc(unsigned int)
                0x000000000000b13c                MemMap::find(int)
                0x000000000000b16a                MemMap::unlink(MemMap::Leaf*)
                0x000000000000b250                MemMap::put(MemMap::Leaf*)
                0x000000000000b2ba                MemMap::alloc(unsigned int)
                0x000000000000b42e                MemMap::free(char*)
                0x000000000000b56c                _malloc_r
                0x000000000000b57a                _free_r
                0x000000000000b58e                __free_all
 .text          0x000000000000b604       0xfc /opt/amiga/lib/gcc/m68k-amigaos/13.2.0/../../../../m68k-amigaos/lib/libm020/libc.a(lib_a-__cmpxf2.o)
                0x000000000000b604                __truncxfdf2
                0x000000000000b6b2                __cmpxf2
 .text          0x000000000000b700       0x24 /opt/amiga/lib/gcc/m68k-amigaos/13.2.0/../../../../m68k-amigaos/lib/libm020/libc.a(lib_a-__eqdf2.o)
                0x000000000000b700                __eqdf2
 .text          0x000000000000b724       0x18 /opt/amiga/lib/gcc/m68k-amigaos/13.2.0/../../../../m68k-amigaos/lib/libm020/libc.a(lib_a-__fixdfsi.o)
                0x000000000000b724                __fixdfsi
 .text          0x000000000000b73c       0x14 /opt/amiga/lib/gcc/m68k-amigaos/13.2.0/../../../../m68k-amigaos/lib/libm020/libc.a(lib_a-__floatsidf.o)
                0x000000000000b73c                __floatsidf
 .text          0x000000000000b750       0x18 /opt/amiga/lib/gcc/m68k-amigaos/13.2.0/../../../../m68k-amigaos/lib/libm020/libc.a(lib_a-__mathieeedoubbas.o)
 .text          0x000000000000b768       0x24 /opt/amiga/lib/gcc/m68k-amigaos/13.2.0/../../../../m68k-amigaos/lib/libm020/libc.a(lib_a-__muldf3.o)
                0x000000000000b768                __muldf3
 .text          0x000000000000b78c       0x24 /opt/amiga/lib/gcc/m68k-amigaos/13.2.0/../../../../m68k-amigaos/lib/libm020/libc.a(lib_a-__subdf3.o)
                0x000000000000b78c                __subdf3
 .text          0x000000000000b7b0       0x64 /opt/amiga/lib/gcc/m68k-amigaos/13.2.0/../../../../m68k-amigaos/lib/libm020/libc.a(lib_a-__unorddf2.o)
                0x000000000000b7b0                __unorddf2
 .text          0x000000000000b814       0x3c /opt/amiga/lib/gcc/m68k-amigaos/13.2.0/../../../../m68k-amigaos/lib/libm020/libc.a(lib_a-abort.o)
                0x000000000000b826                abort
 .text          0x000000000000b850     0x1a0c /opt/amiga/lib/gcc/m68k-amigaos/13.2.0/../../../../m68k-amigaos/lib/libm020/libc.a(lib_a-dtoa.o)
                0x000000000000b9c0                _dtoa_r
 .text          0x000000000000d25c      0x2c4 /opt/amiga/lib/gcc/m68k-amigaos/13.2.0/../../../../m68k-amigaos/lib/libm020/libc.a(lib_a-fflush.o)
                0x000000000000d25c                __sflush_r
                0x000000000000d414                _fflush_r
                0x000000000000d484                fflush
 .text          0x000000000000d520      0x4e0 /opt/amiga/lib/gcc/m68k-amigaos/13.2.0/../../../../m68k-amigaos/lib/libm020/libc.a(lib_a-findfp.o)
                0x000000000000d524                _cleanup_r
                0x000000000000d53c                __sfmoreglue
                0x000000000000d594                __sfp
                0x000000000000d944                _cleanup
                0x000000000000d95a                __sinit
                0x000000000000d96e                __sfp_lock_acquire
                0x000000000000d970                __sfp_lock_release
                0x000000000000d972                __sinit_lock_acquire
                0x000000000000d974                __sinit_lock_release
                0x000000000000d976                __fp_lock_all
                0x000000000000d98a                __fp_unlock_all
                0x000000000000d99e                __sf_fake_stderr
                0x000000000000d9be                __sf_fake_stdout
                0x000000000000d9de                __sf_fake_stdin
 .text          0x000000000000da00       0xcc /opt/amiga/lib/gcc/m68k-amigaos/13.2.0/../../../../m68k-amigaos/lib/libm020/libc.a(lib_a-fputs.o)
                0x000000000000da00                _fputs_r
                0x000000000000dab4                fputs
 .text          0x000000000000dacc      0x180 /opt/amiga/lib/gcc/m68k-amigaos/13.2.0/../../../../m68k-amigaos/lib/libm020/libc.a(lib_a-fputwc.o)
                0x000000000000dacc                __fputwc
                0x000000000000db94                _fputwc_r
                0x000000000000dbc8                fputwc
 .text          0x000000000000dc4c      0x3ac /opt/amiga/lib/gcc/m68k-amigaos/13.2.0/../../../../m68k-amigaos/lib/libm020/libc.a(lib_a-fvwrite.o)
                0x000000000000dc4c                __sfvwrite_r
 .text          0x000000000000dff8       0xa8 /opt/amiga/lib/gcc/m68k-amigaos/13.2.0/../../../../m68k-amigaos/lib/libm020/libc.a(lib_a-fwalk.o)
                0x000000000000dff8                _fwalk
                0x000000000000e04a                _fwalk_reent
 .text          0x000000000000e0a0      0xee8 /opt/amiga/lib/gcc/m68k-amigaos/13.2.0/../../../../m68k-amigaos/lib/libm020/libc.a(lib_a-locale.o)
                0x000000000000e1f0                __loadlocale
                0x000000000000e9f0                __get_locale_env
                0x000000000000ea4e                _setlocale_r
                0x000000000000ed58                __locale_mb_cur_max
                0x000000000000ed7c                __locale_ctype_ptr_l
                0x000000000000ed86                __locale_ctype_ptr
                0x000000000000eda6                setlocale
                0x000000000000edc2                __C_locale
 .text          0x000000000000ef88       0x50 /opt/amiga/lib/gcc/m68k-amigaos/13.2.0/../../../../m68k-amigaos/lib/libm020/libc.a(lib_a-localeconv.o)
                0x000000000000ef88                __localeconv_l
                0x000000000000ef94                _localeconv_r
                0x000000000000efb6                localeconv
 .text          0x000000000000efd8      0x1d4 /opt/amiga/lib/gcc/m68k-amigaos/13.2.0/../../../../m68k-amigaos/lib/libm020/libc.a(lib_a-makebuf.o)
                0x000000000000efd8                __smakebuf_r
                0x000000000000f110                __swhatbuf_r
 .text          0x000000000000f1ac       0xa4 /opt/amiga/lib/gcc/m68k-amigaos/13.2.0/../../../../m68k-amigaos/lib/libm020/libc.a(lib_a-malignr.o)
                0x000000000000f1ac                _calloc_r
                0x000000000000f1e4                _realloc_r
 .text          0x000000000000f250      0x844 /opt/amiga/lib/gcc/m68k-amigaos/13.2.0/../../../../m68k-amigaos/lib/libm020/libc.a(lib_a-mbtowc_r.o)
                0x000000000000f250                _mbtowc_r
                0x000000000000f2b8                __ascii_mbtowc
                0x000000000000f2f4                __utf8_mbtowc
                0x000000000000f5fc                __sjis_mbtowc
                0x000000000000f6d6                __eucjp_mbtowc
                0x000000000000f800                __jis_mbtowc
 .text          0x000000000000fa94       0x9c /opt/amiga/lib/gcc/m68k-amigaos/13.2.0/../../../../m68k-amigaos/lib/libm020/libc.a(lib_a-memchr.o)
                0x000000000000fa94                memchr
 .text          0x000000000000fb30       0x78 /opt/amiga/lib/gcc/m68k-amigaos/13.2.0/../../../../m68k-amigaos/lib/libm020/libc.a(lib_a-memcpy.o)
                0x000000000000fb30                memcpy
 .text          0x000000000000fba8       0xf4 /opt/amiga/lib/gcc/m68k-amigaos/13.2.0/../../../../m68k-amigaos/lib/libm020/libc.a(lib_a-memmove.o)
                0x000000000000fba8                memmove
 .text          0x000000000000fc9c      0xe6c /opt/amiga/lib/gcc/m68k-amigaos/13.2.0/../../../../m68k-amigaos/lib/libm020/libc.a(lib_a-mprec.o)
                0x000000000000fc9c                _Balloc
                0x000000000000fd5a                _Bfree
                0x000000000000fdac                __multadd
                0x000000000000fe62                __s2b
                0x000000000000ff28                __hi0bits
                0x000000000000ff8c                __lo0bits
                0x000000000000fff6                __i2b
                0x0000000000010014                __multiply
                0x00000000000101cc                __pow5mult
                0x00000000000102be                __lshift
                0x000000000001039e                __mcmp
                0x00000000000103ea                __mdiff
                0x0000000000010608                __ulp
                0x0000000000010660                __b2d
                0x0000000000010750                __d2b
                0x0000000000010844                __ratio
                0x00000000000108d6                _mprec_log10
                0x0000000000010930                __copybits
                0x0000000000010982                __any_on
                0x00000000000109ee                __mprec_tinytens
                0x0000000000010a16                __mprec_bigtens
                0x0000000000010a3e                __mprec_tens
 .text          0x0000000000010b08       0x4c /opt/amiga/lib/gcc/m68k-amigaos/13.2.0/../../../../m68k-amigaos/lib/libm020/libc.a(lib_a-raise.o)
                0x0000000000010b08                raise
                0x0000000000010b2e                _raise_r
 .text          0x0000000000010b54       0xa0 /opt/amiga/lib/gcc/m68k-amigaos/13.2.0/../../../../m68k-amigaos/lib/libm020/libc.a(lib_a-s_frexp.o)
                0x0000000000010b54                frexp
 .text          0x0000000000010bf4       0x34 /opt/amiga/lib/gcc/m68k-amigaos/13.2.0/../../../../m68k-amigaos/lib/libm020/libc.a(lib_a-signalr.o)
                0x0000000000010bf4                _kill_r
                0x0000000000010c22                _getpid_r
 .text          0x0000000000010c28      0x114 /opt/amiga/lib/gcc/m68k-amigaos/13.2.0/../../../../m68k-amigaos/lib/libm020/libc.a(lib_a-stdio.o)
                0x0000000000010c28                __sread
                0x0000000000010c60                __seofread
                0x0000000000010c64                __swrite
                0x0000000000010cea                __sseek
                0x0000000000010d2a                __sclose
 .text          0x0000000000010d3c       0x74 /opt/amiga/lib/gcc/m68k-amigaos/13.2.0/../../../../m68k-amigaos/lib/libm020/libc.a(lib_a-strcasecmp.o)
                0x0000000000010d3c                strcasecmp
 .text          0x0000000000010db0       0x5c /opt/amiga/lib/gcc/m68k-amigaos/13.2.0/../../../../m68k-amigaos/lib/libm020/libc.a(lib_a-strcat.o)
                0x0000000000010db0                strcat
 .text          0x0000000000010e0c      0x110 /opt/amiga/lib/gcc/m68k-amigaos/13.2.0/../../../../m68k-amigaos/lib/libm020/libc.a(lib_a-strchr.o)
                0x0000000000010e0c                strchr
 .text          0x0000000000010f1c       0x78 /opt/amiga/lib/gcc/m68k-amigaos/13.2.0/../../../../m68k-amigaos/lib/libm020/libc.a(lib_a-strcmp.o)
                0x0000000000010f1c                strcmp
 .text          0x0000000000010f94       0x14 /opt/amiga/lib/gcc/m68k-amigaos/13.2.0/../../../../m68k-amigaos/lib/libm020/libc.a(lib_a-strcpy.o)
                0x0000000000010f94                strcpy
 .text          0x0000000000010fa8       0x44 /opt/amiga/lib/gcc/m68k-amigaos/13.2.0/../../../../m68k-amigaos/lib/libm020/libc.a(lib_a-strlcpy.o)
                0x0000000000010fa8                strlcpy
 .text          0x0000000000010fec       0x14 /opt/amiga/lib/gcc/m68k-amigaos/13.2.0/../../../../m68k-amigaos/lib/libm020/libc.a(lib_a-strlen.o)
                0x0000000000010fec                strlen
 .text          0x0000000000011000       0x84 /opt/amiga/lib/gcc/m68k-amigaos/13.2.0/../../../../m68k-amigaos/lib/libm020/libc.a(lib_a-strncasecmp.o)
                0x0000000000011000                strncasecmp
 .text          0x0000000000011084       0xa8 /opt/amiga/lib/gcc/m68k-amigaos/13.2.0/../../../../m68k-amigaos/lib/libm020/libc.a(lib_a-strncmp.o)
                0x0000000000011084                strncmp
 .text          0x000000000001112c       0x84 /opt/amiga/lib/gcc/m68k-amigaos/13.2.0/../../../../m68k-amigaos/lib/libm020/libc.a(lib_a-strncpy.o)
                0x000000000001112c                strncpy
 .text          0x00000000000111b0      0x250 /opt/amiga/lib/gcc/m68k-amigaos/13.2.0/../../../../m68k-amigaos/lib/libm020/libc.a(lib_a-strtol.o)
                0x0000000000011350                _strtol_r
                0x000000000001139a                strtol_l
                0x00000000000113ba                strtol
 .text          0x0000000000011400      0x14c /opt/amiga/lib/gcc/m68k-amigaos/13.2.0/../../../../m68k-amigaos/lib/libm020/libc.a(lib_a-wbuf.o)
                0x0000000000011400                __swbuf_r
                0x0000000000011532                __swbuf
 .text          0x000000000001154c      0x248 /opt/amiga/lib/gcc/m68k-amigaos/13.2.0/../../../../m68k-amigaos/lib/libm020/libc.a(lib_a-wcsnrtombs.o)
                0x000000000001154c                _wcsnrtombs_l
                0x00000000000116e6                _wcsnrtombs_r
                0x000000000001173c                wcsnrtombs
 .text          0x0000000000011794      0x2fc /opt/amiga/lib/gcc/m68k-amigaos/13.2.0/../../../../m68k-amigaos/lib/libm020/libc.a(lib_a-wctomb_r.o)
                0x0000000000011794                _wctomb_r
                0x00000000000117ea                __ascii_wctomb
                0x0000000000011816                __utf8_wctomb
                0x00000000000118f4                __sjis_wctomb
                0x0000000000011960                __eucjp_wctomb
                0x00000000000119f2                __jis_wctomb
 .text          0x0000000000011a90       0x34 /opt/amiga/lib/gcc/m68k-amigaos/13.2.0/../../../../m68k-amigaos/lib/libm020/libc.a(lib_a-writer.o)
                0x0000000000011a90                _write_r
 .text          0x0000000000011ac4       0x24 /opt/amiga/lib/gcc/m68k-amigaos/13.2.0/../../../../m68k-amigaos/lib/libm020/libc.a(lib_a-__adddf3.o)
                0x0000000000011ac4                __adddf3
 .text          0x0000000000011ae8       0x24 /opt/amiga/lib/gcc/m68k-amigaos/13.2.0/../../../../m68k-amigaos/lib/libm020/libc.a(lib_a-__divdf3.o)
                0x0000000000011ae8                __divdf3
 .text          0x0000000000011b0c       0x4c /opt/amiga/lib/gcc/m68k-amigaos/13.2.0/../../../../m68k-amigaos/lib/libm020/libc.a(lib_a-__floatunsidf.o)
                0x0000000000011b0c                __floatunsidf
 .text          0x0000000000011b58       0x2c /opt/amiga/lib/gcc/m68k-amigaos/13.2.0/../../../../m68k-amigaos/lib/libm020/libc.a(lib_a-closer.o)
                0x0000000000011b58                _close_r
 .text          0x0000000000011b84      0x110 /opt/amiga/lib/gcc/m68k-amigaos/13.2.0/../../../../m68k-amigaos/lib/libm020/libc.a(lib_a-ctype_.o)
                0x0000000000011b84                __set_ctype
                0x0000000000011b92                _ctype_2
 .text          0x0000000000011c94       0xc8 /opt/amiga/lib/gcc/m68k-amigaos/13.2.0/../../../../m68k-amigaos/lib/libm020/libc.a(lib_a-dummy.o)
                0x0000000000011c94                _kill
                0x0000000000011c96                _getpid
                0x0000000000011ca8                _lseek
                0x0000000000011d32                lseek
                0x0000000000011d36                _fstat
                0x0000000000011d3a                _unlink
                0x0000000000011d56                ioctl
 .text          0x0000000000011d5c      0x11c /opt/amiga/lib/gcc/m68k-amigaos/13.2.0/../../../../m68k-amigaos/lib/libm020/libc.a(lib_a-fclose.o)
                0x0000000000011d5c                _fclose_r
                0x0000000000011e64                fclose
 .text          0x0000000000011e78       0x30 /opt/amiga/lib/gcc/m68k-amigaos/13.2.0/../../../../m68k-amigaos/lib/libm020/libc.a(lib_a-fstatr.o)
                0x0000000000011e78                _fstat_r
 .text          0x0000000000011ea8       0xb8 /opt/amiga/lib/gcc/m68k-amigaos/13.2.0/../../../../m68k-amigaos/lib/libm020/libc.a(lib_a-getenv_r.o)
                0x0000000000011ea8                _findenv_r
                0x0000000000011f42                _getenv_r
 .text          0x0000000000011f60       0x2c /opt/amiga/lib/gcc/m68k-amigaos/13.2.0/../../../../m68k-amigaos/lib/libm020/libc.a(lib_a-isattyr.o)
                0x0000000000011f60                _isatty_r
 .text          0x0000000000011f8c       0x34 /opt/amiga/lib/gcc/m68k-amigaos/13.2.0/../../../../m68k-amigaos/lib/libm020/libc.a(lib_a-lseekr.o)
                0x0000000000011f8c                _lseek_r
 .text          0x0000000000011fc0      0x294 /opt/amiga/lib/gcc/m68k-amigaos/13.2.0/../../../../m68k-amigaos/lib/libm020/libc.a(lib_a-open.o)
                0x0000000000011fc0                _open
                0x0000000000011fc0                open
                0x0000000000012098                _close
                0x0000000000012098                close
                0x00000000000120f6                _write
                0x00000000000120f6                write
                0x000000000001213c                _read
                0x000000000001213c                read
                0x0000000000012182                __init_fh
                0x00000000000121ae                __exit_fh
                0x00000000000121c6                _isatty
 .text          0x0000000000012254       0x34 /opt/amiga/lib/gcc/m68k-amigaos/13.2.0/../../../../m68k-amigaos/lib/libm020/libc.a(lib_a-readr.o)
                0x0000000000012254                _read_r
 .text          0x0000000000012288      0x1ec /opt/amiga/lib/gcc/m68k-amigaos/13.2.0/../../../../m68k-amigaos/lib/libm020/libc.a(lib_a-reent.o)
                0x0000000000012288                cleanup_glue
                0x0000000000012304                _reclaim_reent
 .text          0x0000000000012474        0xc /opt/amiga/lib/gcc/m68k-amigaos/13.2.0/../../../../m68k-amigaos/lib/libm020/libc.a(lib_a-__dosbase.o)
 .text          0x0000000000012480       0x48 /opt/amiga/lib/gcc/m68k-amigaos/13.2.0/../../../../m68k-amigaos/lib/libm020/libc.a(lib_a-environ.o)
                0x0000000000012480                clearenv
 .text          0x00000000000124c8        0x4 /opt/amiga/lib/gcc/m68k-amigaos/13.2.0/../../../../m68k-amigaos/lib/libm020/libc.a(lib_a-envlock.o)
                0x00000000000124c8                __env_lock
                0x00000000000124ca                __env_unlock
 .text          0x00000000000124cc       0x44 /opt/amiga/lib/gcc/m68k-amigaos/13.2.0/libm020/libgcc.a(_ashldi3.o)
                0x00000000000124cc                __ashldi3
 *(.text.main)
 *(.text*)
 *(_*)
 *(.rodata*)
 *(.data.rel.ro*)
 *(.gnu.linkonce.t.*)
 *(.gnu.linkonce.r.*)
 *(.gcc_except_table*)
 *(SORT_BY_NAME(.list___EH_FRAME*))
 *(SORT_BY_NAME(.list_*))
 .list___EXIT_LIST__
                0x0000000000012510        0x8 /opt/amiga/lib/gcc/m68k-amigaos/13.2.0/../../../../m68k-amigaos/lib/libm020/libc.a(malloc.o)
 .list___EXIT_LIST__
                0x0000000000012518        0x8 /opt/amiga/lib/gcc/m68k-amigaos/13.2.0/../../../../m68k-amigaos/lib/libm020/libc.a(lib_a-open.o)
 .list___INIT_LIST__
                0x0000000000012520        0x8 /opt/amiga/lib/gcc/m68k-amigaos/13.2.0/../../../../m68k-amigaos/lib/libm020/libc.a(lib_a-open.o)
 *(.end_of_lists)
                0x0000000000012528                ___datadata_relocs = .
                0x0000000000012528                __etext = .
                0x0000000000012528                ___text_size = SIZEOF (.text)
                0x0000000000012528                . = ALIGN (0x0)

.data           0x0000000000012528      0x2c0
                0x0000000000012528                __sdata = .
 *(.data)
 .data          0x0000000000012528       0x2c /tmp/ccNlI1yb.o
                0x0000000000012528                gFlacOps
 .data          0x0000000000012554       0xf4 /opt/amiga/lib/gcc/m68k-amigaos/13.2.0/../../../../m68k-amigaos/lib/libm020/libc.a(lib_a-impure.o)
                0x0000000000012554                _impure_ptr
 .data          0x0000000000012648        0x0 /opt/amiga/lib/gcc/m68k-amigaos/13.2.0/../../../../m68k-amigaos/lib/libm020/libc.a(lib_a-__cmpxf2.o)
 .data          0x0000000000012648        0x0 /opt/amiga/lib/gcc/m68k-amigaos/13.2.0/../../../../m68k-amigaos/lib/libm020/libc.a(lib_a-__eqdf2.o)
 .data          0x0000000000012648      0x188 /opt/amiga/lib/gcc/m68k-amigaos/13.2.0/../../../../m68k-amigaos/lib/libm020/libc.a(lib_a-locale.o)
                0x0000000000012648                __global_locale
                0x00000000000127b0                __default_locale
 .data          0x00000000000127d0        0x4 /opt/amiga/lib/gcc/m68k-amigaos/13.2.0/../../../../m68k-amigaos/lib/libm020/libc.a(lib_a-ctype_.o)
                0x00000000000127d0                _ctype_
 .data          0x00000000000127d4        0x4 /opt/amiga/lib/gcc/m68k-amigaos/13.2.0/../../../../m68k-amigaos/lib/libm020/libc.a(lib_a-environ.o)
                0x00000000000127d4                environ
 *(SORT_BY_NAME(.data.*))
 *(SORT_BY_NAME(.dlist___EH_FRAME_OBJECT*))
 *(SORT_BY_NAME(.dlist_*))
 .dlist___LIB_LIST__
                0x00000000000127d8        0x8 /opt/amiga/lib/gcc/m68k-amigaos/13.2.0/../../../../m68k-amigaos/lib/libm020/libc.a(lib_a-__mathieeedoubbas.o)
                0x00000000000127d8                MathIeeeDoubBasBase
 .dlist___LIB_LIST__
                0x00000000000127e0        0x8 /opt/amiga/lib/gcc/m68k-amigaos/13.2.0/../../../../m68k-amigaos/lib/libm020/libc.a(lib_a-__dosbase.o)
                0x00000000000127e0                DOSBase
 *(.end_of_dlists)
 *(.data.__EH_FRAME_OBJECT__*)
 *(.gnu.linkonce.d.*)
                0x00000000000127e8                __edata = .
                0x00000000000002c0                ___data_size = SIZEOF (.data)

.bss            0x00000000000127e8      0x2e4
                0x00000000000127e8                __bss_start = .
 *(.bss)
 .bss           0x00000000000127e8        0x4 /tmp/ccNrRBYl.o
                0x00000000000127e8                SysBase
 .bss           0x00000000000127ec       0x20 /opt/amiga/lib/gcc/m68k-amigaos/13.2.0/../../../../m68k-amigaos/lib/libm020/libc.a(malloc.o)
 .bss           0x000000000001280c        0x0 /opt/amiga/lib/gcc/m68k-amigaos/13.2.0/../../../../m68k-amigaos/lib/libm020/libc.a(lib_a-__cmpxf2.o)
 .bss           0x000000000001280c        0x0 /opt/amiga/lib/gcc/m68k-amigaos/13.2.0/../../../../m68k-amigaos/lib/libm020/libc.a(lib_a-__eqdf2.o)
 .bss           0x000000000001280c      0x2ac /opt/amiga/lib/gcc/m68k-amigaos/13.2.0/../../../../m68k-amigaos/lib/libm020/libc.a(lib_a-locale.o)
                0x000000000001280c                _PathLocale
 .bss           0x0000000000012ab8        0xc /opt/amiga/lib/gcc/m68k-amigaos/13.2.0/../../../../m68k-amigaos/lib/libm020/libc.a(lib_a-open.o)
                0x0000000000012ab8                __maxfh
                0x0000000000012abc                __fh
 .bss           0x0000000000012ac4        0x4 /opt/amiga/lib/gcc/m68k-amigaos/13.2.0/../../../../m68k-amigaos/lib/libm020/libc.a(lib_a-reent.o)
                0x0000000000012ac4                errno
 .bss           0x0000000000012ac8        0x4 /opt/amiga/lib/gcc/m68k-amigaos/13.2.0/../../../../m68k-amigaos/lib/libm020/libc.a(lib_a-environ.o)
                0x0000000000012ac8                initial_env
 *(.bss.*)
 *(COMMON)
                0x0000000000012acc                __end = .
                0x00000000000002e4                ___bss_size = SIZEOF (.bss)

.datachip
 *(.datachip)

.bsschip
 *(.bsschip)

.dwarf          0x0000000000012acc      0x710
                0x0000000000012acc                __debug_frame_start = .
 *(.debug_frame)
 .debug_frame   0x0000000000012acc       0x34 /opt/amiga/lib/gcc/m68k-amigaos/13.2.0/libm020/libgcc.a(_ashldi3.o)
                0x0000000000012b00                __debug_info_start = .
 *(.debug_info)
 .debug_info    0x0000000000012b00      0x1a0 /opt/amiga/lib/gcc/m68k-amigaos/13.2.0/libm020/libgcc.a(_ashldi3.o)
                0x0000000000012ca0                __debug_abbrev_start = .
 *(.debug_abbrev)
 .debug_abbrev  0x0000000000012ca0      0x10c /opt/amiga/lib/gcc/m68k-amigaos/13.2.0/libm020/libgcc.a(_ashldi3.o)
                0x0000000000012dac                __debug_loclists_start = .
 *(.debug_loclists)
 .debug_loclists
                0x0000000000012dac       0x4c /opt/amiga/lib/gcc/m68k-amigaos/13.2.0/libm020/libgcc.a(_ashldi3.o)
                0x0000000000012df8                __debug_aranges_start = .
 *(.debug_aranges)
 .debug_aranges
                0x0000000000012df8       0x20 /opt/amiga/lib/gcc/m68k-amigaos/13.2.0/libm020/libgcc.a(_ashldi3.o)
                0x0000000000012e18                __debug_rgnlists_start = .
 *(.debug_rnglists)
                0x0000000000012e18                __debug_line_start = .
 *(.debug_line)
 .debug_line    0x0000000000012e18      0x158 /opt/amiga/lib/gcc/m68k-amigaos/13.2.0/libm020/libgcc.a(_ashldi3.o)
                0x0000000000012f70                __debug_str_start = .
 *(.debug_str)
 .debug_str     0x0000000000012f70      0x19c /opt/amiga/lib/gcc/m68k-amigaos/13.2.0/libm020/libgcc.a(_ashldi3.o)
                0x000000000001310c                __debug_line_str_start = .
 *(.debug_line_str)
 .debug_line_str
                0x000000000001310c       0xd0 /opt/amiga/lib/gcc/m68k-amigaos/13.2.0/libm020/libgcc.a(_ashldi3.o)
OUTPUT(flac.decoder amiga)

.stab           0x0000000000000000      0x120
 .stab          0x0000000000000000       0x90 /opt/amiga/lib/gcc/m68k-amigaos/13.2.0/../../../../m68k-amigaos/lib/libm020/libc.a(lib_a-__cmpxf2.o)
 .stab          0x0000000000000090       0x90 /opt/amiga/lib/gcc/m68k-amigaos/13.2.0/../../../../m68k-amigaos/lib/libm020/libc.a(lib_a-__eqdf2.o)

.stabstr        0x0000000000000000       0xe4
 .stabstr       0x0000000000000000       0x74 /opt/amiga/lib/gcc/m68k-amigaos/13.2.0/../../../../m68k-amigaos/lib/libm020/libc.a(lib_a-__cmpxf2.o)
 .stabstr       0x0000000000000074       0x70 /opt/amiga/lib/gcc/m68k-amigaos/13.2.0/../../../../m68k-amigaos/lib/libm020/libc.a(lib_a-__eqdf2.o)
